[2026-06-30T14:40:47+03:00] START 61968-13_GeographicalLocation-AP-Con-Complex-SHACL
[2026-06-30T14:40:47+03:00] DONE 61968-13_GeographicalLocation-AP-Con-Complex-SHACL (0.057s)
[2026-06-30T14:40:47+03:00] START 61970-301_DiagramLayout-AP-Con-Complex-NotSolvedMAS-SHACL
[2026-06-30T14:40:47+03:00] DONE 61970-301_DiagramLayout-AP-Con-Complex-NotSolvedMAS-SHACL (0.036s)
[2026-06-30T14:40:47+03:00] START 61970-301_DiagramLayout-AP-Con-Complex-SHACL
[2026-06-30T14:40:47+03:00] DONE 61970-301_DiagramLayout-AP-Con-Complex-SHACL (0.038s)
[2026-06-30T14:40:47+03:00] START 61970-301_Equipment-AP-Con-Complex-NotSolvedMAS-SHACL
[2026-06-30T14:40:47+03:00] DONE 61970-301_Equipment-AP-Con-Complex-NotSolvedMAS-SHACL (0.154s)
[2026-06-30T14:40:47+03:00] START 61970-301_Equipment-AP-Con-Complex-SHACL
[2026-06-30T14:40:49+03:00] DONE 61970-301_Equipment-AP-Con-Complex-SHACL (2.256s)
[2026-06-30T14:40:49+03:00] START 61970-301_EquipmentBoundary-AP-Con-Complex-NotSolvedMAS-SHACL
[2026-06-30T14:40:52+03:00] DONE 61970-301_EquipmentBoundary-AP-Con-Complex-NotSolvedMAS-SHACL (2.450s)
[2026-06-30T14:40:52+03:00] START 61970-301_EquipmentBoundary-AP-Con-Complex-SHACL
[2026-06-30T14:40:52+03:00] DONE 61970-301_EquipmentBoundary-AP-Con-Complex-SHACL (0.038s)
[2026-06-30T14:40:52+03:00] START 61970-301_Operation-AP-Con-Complex-SHACL
[2026-06-30T14:40:52+03:00] DONE 61970-301_Operation-AP-Con-Complex-SHACL (0.030s)
[2026-06-30T14:40:52+03:00] START 61970-301_ShortCircuit-AP-Con-Complex-NotSolvedMAS-SHACL
[2026-06-30T14:40:52+03:00] DONE 61970-301_ShortCircuit-AP-Con-Complex-NotSolvedMAS-SHACL (0.034s)
[2026-06-30T14:40:52+03:00] START 61970-301_ShortCircuit-AP-Con-Complex-SHACL
[2026-06-30T14:40:52+03:00] FAIL 61970-301_ShortCircuit-AP-Con-Complex-SHACL (HTTP 500, 0.045s)
[2026-06-30T14:40:52+03:00] START 61970-301_StateVariables-AP-Con-Complex-SHACL
[2026-06-30T14:40:52+03:00] DONE 61970-301_StateVariables-AP-Con-Complex-SHACL (0.036s)
[2026-06-30T14:40:52+03:00] START 61970-301_StateVariables-AP-Con-Complex-SolvedMAS-SHACL
[2026-06-30T14:40:52+03:00] DONE 61970-301_StateVariables-AP-Con-Complex-SolvedMAS-SHACL (0.038s)
[2026-06-30T14:40:52+03:00] START 61970-301_SteadyStateHypothesis-AP-Con-Complex-NotSolvedMAS-SHACL
[2026-06-30T14:40:53+03:00] DONE 61970-301_SteadyStateHypothesis-AP-Con-Complex-NotSolvedMAS-SHACL (0.052s)
[2026-06-30T14:40:53+03:00] START 61970-301_SteadyStateHypothesis-AP-Con-Complex-SHACL
[2026-06-30T14:40:53+03:00] DONE 61970-301_SteadyStateHypothesis-AP-Con-Complex-SHACL (0.053s)
[2026-06-30T14:40:53+03:00] START 61970-301_Topology-AP-Con-Complex-NotSolvedMAS-SHACL
[2026-06-30T14:40:53+03:00] DONE 61970-301_Topology-AP-Con-Complex-NotSolvedMAS-SHACL (0.067s)
[2026-06-30T14:40:53+03:00] START 61970-302_Dynamics-AP-Con-Complex-SHACL
[2026-06-30T14:40:53+03:00] DONE 61970-302_Dynamics-AP-Con-Complex-SHACL (0.172s)
[2026-06-30T14:40:53+03:00] START 61970-452_Equipment-AP-Con-Complex-NotSolvedMAS-SHACL
[2026-06-30T14:40:53+03:00] DONE 61970-452_Equipment-AP-Con-Complex-NotSolvedMAS-SHACL (0.035s)
[2026-06-30T14:40:53+03:00] START 61970-452_Equipment-AP-Con-Complex-SHACL
[2026-06-30T14:40:57+03:00] DONE 61970-452_Equipment-AP-Con-Complex-SHACL (3.856s)
[2026-06-30T14:40:57+03:00] START 61970-452_Operation-AP-Con-Complex-NotSolvedMAS-SHACL
[2026-06-30T14:40:57+03:00] DONE 61970-452_Operation-AP-Con-Complex-NotSolvedMAS-SHACL (0.032s)
[2026-06-30T14:40:57+03:00] START 61970-452_Operation-AP-Con-Complex-SHACL
[2026-06-30T14:40:57+03:00] DONE 61970-452_Operation-AP-Con-Complex-SHACL (0.030s)
[2026-06-30T14:40:57+03:00] START 61970-452_ShortCircuit-AP-Con-Complex-CrossProfile-SHACL
[2026-06-30T14:40:57+03:00] DONE 61970-452_ShortCircuit-AP-Con-Complex-CrossProfile-SHACL (0.031s)
[2026-06-30T14:40:57+03:00] START 61970-452_ShortCircuit-AP-Con-Complex-SHACL
[2026-06-30T14:40:57+03:00] DONE 61970-452_ShortCircuit-AP-Con-Complex-SHACL (0.036s)
[2026-06-30T14:40:57+03:00] START 61970-453_DiagramLayout-AP-Con-Complex-Explicit-CrossProfile-SHACL
[2026-06-30T14:40:57+03:00] DONE 61970-453_DiagramLayout-AP-Con-Complex-Explicit-CrossProfile-SHACL (0.031s)
[2026-06-30T14:40:57+03:00] START 61970-453_DiagramLayout-AP-Con-Complex-Implicit-CrossProfile-SHACL
[2026-06-30T14:40:57+03:00] DONE 61970-453_DiagramLayout-AP-Con-Complex-Implicit-CrossProfile-SHACL (0.036s)
[2026-06-30T14:40:57+03:00] START 61970-453_DiagramLayout-AP-Con-Complex-SHACL
[2026-06-30T14:40:58+03:00] DONE 61970-453_DiagramLayout-AP-Con-Complex-SHACL (0.031s)
[2026-06-30T14:40:58+03:00] START 61970-456_AllProfiles-AP-Con-Complex-SolvedMAS-SHACL
[2026-06-30T14:40:58+03:00] DONE 61970-456_AllProfiles-AP-Con-Complex-SolvedMAS-SHACL (0.032s)
[2026-06-30T14:40:58+03:00] START 61970-456_StateVariables-AP-Con-Complex-Explicit-CrossProfile-SHACL
[2026-06-30T14:40:58+03:00] DONE 61970-456_StateVariables-AP-Con-Complex-Explicit-CrossProfile-SHACL (0.276s)
[2026-06-30T14:40:58+03:00] START 61970-456_StateVariables-AP-Con-Complex-Implicit-CrossProfile-SHACL
[2026-06-30T14:40:58+03:00] DONE 61970-456_StateVariables-AP-Con-Complex-Implicit-CrossProfile-SHACL (0.255s)
[2026-06-30T14:40:58+03:00] START 61970-456_StateVariables-AP-Con-Complex-SHACL
[2026-06-30T14:40:58+03:00] DONE 61970-456_StateVariables-AP-Con-Complex-SHACL (0.029s)
[2026-06-30T14:40:58+03:00] START 61970-456_StateVariables-AP-Con-Complex-SolvedMAS-SHACL
[2026-06-30T14:40:59+03:00] DONE 61970-456_StateVariables-AP-Con-Complex-SolvedMAS-SHACL (0.466s)
[2026-06-30T14:40:59+03:00] START 61970-456_SteadyStateHypothesis-AP-Con-Complex-NotSolvedMAS-SHACL
[2026-06-30T14:40:59+03:00] DONE 61970-456_SteadyStateHypothesis-AP-Con-Complex-NotSolvedMAS-SHACL (0.143s)
[2026-06-30T14:40:59+03:00] START 61970-456_SteadyStateHypothesis-AP-Con-Complex-SHACL
[2026-06-30T14:40:59+03:00] DONE 61970-456_SteadyStateHypothesis-AP-Con-Complex-SHACL (0.033s)
[2026-06-30T14:40:59+03:00] START 61970-456_Topology-AP-Con-Complex-Explicit-CrossProfile-SHACL
[2026-06-30T14:40:59+03:00] DONE 61970-456_Topology-AP-Con-Complex-Explicit-CrossProfile-SHACL (0.072s)
[2026-06-30T14:40:59+03:00] START 61970-456_Topology-AP-Con-Complex-Implicit-CrossProfile-SHACL
[2026-06-30T14:40:59+03:00] DONE 61970-456_Topology-AP-Con-Complex-Implicit-CrossProfile-SHACL (0.037s)
[2026-06-30T14:40:59+03:00] START 61970-456_Topology-AP-Con-Complex-NotSolvedMAS-SHACL
[2026-06-30T14:42:48+03:00] SKIP 61970-456_Topology-AP-Con-Complex-NotSolvedMAS-SHACL (user request)
[2026-06-30T14:42:48+03:00] START 61970-456_Topology-AP-Con-Complex-SHACL
[2026-06-30T14:42:48+03:00] DONE 61970-456_Topology-AP-Con-Complex-SHACL (0.036s)
[2026-06-30T14:42:48+03:00] START 61970-457_Dynamics-AP-Con-Complex-Explicit-CrossProfile-SHACL
[2026-06-30T14:42:48+03:00] DONE 61970-457_Dynamics-AP-Con-Complex-Explicit-CrossProfile-SHACL (0.034s)
[2026-06-30T14:42:48+03:00] START 61970-457_Dynamics-AP-Con-Complex-Implicit-CrossProfile-SHACL
[2026-06-30T14:42:48+03:00] DONE 61970-457_Dynamics-AP-Con-Complex-Implicit-CrossProfile-SHACL (0.032s)
[2026-06-30T14:42:48+03:00] START 61970-457_Dynamics-AP-Con-Complex-NotSolvedMAS-SHACL
[2026-06-30T14:42:49+03:00] DONE 61970-457_Dynamics-AP-Con-Complex-NotSolvedMAS-SHACL (0.029s)
[2026-06-30T14:42:49+03:00] START 61970-457_Dynamics-AP-Con-Complex-SHACL
[2026-06-30T14:42:49+03:00] DONE 61970-457_Dynamics-AP-Con-Complex-SHACL (0.030s)
[2026-06-30T14:42:49+03:00] START 61970-552-Header-AP-Con-Simple-SHACL
[2026-06-30T14:42:49+03:00] DONE 61970-552-Header-AP-Con-Simple-SHACL (0.047s)
[2026-06-30T14:42:49+03:00] START 61970-600-1_AllProfiles-AP-Con-Complex-SHACL
[2026-06-30T14:42:50+03:00] DONE 61970-600-1_AllProfiles-AP-Con-Complex-SHACL (0.766s)
[2026-06-30T14:42:50+03:00] START 61970-600-1_AllProfiles-AP-Con-Complex-SolvedMAS-SHACL
[2026-06-30T14:42:51+03:00] DONE 61970-600-1_AllProfiles-AP-Con-Complex-SolvedMAS-SHACL (1.052s)
[2026-06-30T14:42:51+03:00] START 61970-600-1_Equipment-AP-Con-Complex-SHACL
[2026-06-30T14:42:51+03:00] DONE 61970-600-1_Equipment-AP-Con-Complex-SHACL (0.053s)
[2026-06-30T14:42:51+03:00] START 61970-600-1_Prof10-Header-AP-Con-Complex-SHACL
[2026-06-30T14:42:51+03:00] DONE 61970-600-1_Prof10-Header-AP-Con-Complex-SHACL (0.039s)
[2026-06-30T14:42:51+03:00] START 61970-600-2_AllProfiles-AP-Con-Complex-SolvedMAS-SHACL
[2026-06-30T14:42:51+03:00] DONE 61970-600-2_AllProfiles-AP-Con-Complex-SolvedMAS-SHACL (0.074s)
[2026-06-30T14:42:51+03:00] START 61970-600-2_DiagramLayout-AP-Con-Complex-InverseAssociation-SHACL
[2026-06-30T14:42:51+03:00] DONE 61970-600-2_DiagramLayout-AP-Con-Complex-InverseAssociation-SHACL (0.031s)
[2026-06-30T14:42:51+03:00] START 61970-600-2_DiagramLayout-AP-Con-Simple-SHACL
[2026-06-30T14:42:51+03:00] DONE 61970-600-2_DiagramLayout-AP-Con-Simple-SHACL (0.052s)
[2026-06-30T14:42:51+03:00] START 61970-600-2_Dynamics-AP-Con-Complex-InverseAssociation-SHACL
[2026-06-30T14:42:51+03:00] DONE 61970-600-2_Dynamics-AP-Con-Complex-InverseAssociation-SHACL (0.040s)
[2026-06-30T14:42:51+03:00] START 61970-600-2_Dynamics-AP-Con-Simple-SHACL
[2026-06-30T14:42:52+03:00] DONE 61970-600-2_Dynamics-AP-Con-Simple-SHACL (0.910s)
[2026-06-30T14:42:52+03:00] START 61970-600-2_Equipment-AP-Con-Complex-InverseAssociation-SHACL
[2026-06-30T14:42:52+03:00] DONE 61970-600-2_Equipment-AP-Con-Complex-InverseAssociation-SHACL (0.056s)
[2026-06-30T14:42:52+03:00] START 61970-600-2_Equipment-AP-Con-Complex-SHACL
[2026-06-30T14:42:52+03:00] DONE 61970-600-2_Equipment-AP-Con-Complex-SHACL (0.034s)
[2026-06-30T14:42:52+03:00] START 61970-600-2_Equipment-AP-Con-Simple-SHACL
[2026-06-30T14:42:54+03:00] DONE 61970-600-2_Equipment-AP-Con-Simple-SHACL (1.444s)
[2026-06-30T14:42:54+03:00] START 61970-600-2_EquipmentBoundary-AP-Con-Complex-InverseAssociation-SHACL
[2026-06-30T14:42:54+03:00] DONE 61970-600-2_EquipmentBoundary-AP-Con-Complex-InverseAssociation-SHACL (0.033s)
[2026-06-30T14:42:54+03:00] START 61970-600-2_EquipmentBoundary-AP-Con-Simple-SHACL
[2026-06-30T14:42:55+03:00] DONE 61970-600-2_EquipmentBoundary-AP-Con-Simple-SHACL (0.519s)
[2026-06-30T14:42:55+03:00] START 61970-600-2_GeographicalLocation-AP-Con-Complex-Explicit-CrossProfile-SHACL
[2026-06-30T14:42:55+03:00] DONE 61970-600-2_GeographicalLocation-AP-Con-Complex-Explicit-CrossProfile-SHACL (0.031s)
[2026-06-30T14:42:55+03:00] START 61970-600-2_GeographicalLocation-AP-Con-Complex-Implicit-CrossProfile-SHACL
[2026-06-30T14:42:55+03:00] DONE 61970-600-2_GeographicalLocation-AP-Con-Complex-Implicit-CrossProfile-SHACL (0.032s)
[2026-06-30T14:42:55+03:00] START 61970-600-2_GeographicalLocation-AP-Con-Complex-InverseAssociation-SHACL
[2026-06-30T14:42:55+03:00] DONE 61970-600-2_GeographicalLocation-AP-Con-Complex-InverseAssociation-SHACL (0.030s)
[2026-06-30T14:42:55+03:00] START 61970-600-2_GeographicalLocation-AP-Con-Complex-SHACL
[2026-06-30T14:42:55+03:00] DONE 61970-600-2_GeographicalLocation-AP-Con-Complex-SHACL (0.031s)
[2026-06-30T14:42:55+03:00] START 61970-600-2_GeographicalLocation-AP-Con-Simple-SHACL
[2026-06-30T14:42:55+03:00] DONE 61970-600-2_GeographicalLocation-AP-Con-Simple-SHACL (0.051s)
[2026-06-30T14:42:55+03:00] START 61970-600-2_IdentifiedObjectCommon_AP-Con-Complex-SHACL
[2026-06-30T14:45:07+03:00] SKIP 61970-600-2_IdentifiedObjectCommon_AP-Con-Complex-SHACL (user request)
[2026-06-30T14:45:07+03:00] START 61970-600-2_Operation-AP-Con-Complex-Explicit-CrossProfile-SHACL
[2026-06-30T14:45:08+03:00] DONE 61970-600-2_Operation-AP-Con-Complex-Explicit-CrossProfile-SHACL (0.049s)
[2026-06-30T14:45:08+03:00] START 61970-600-2_Operation-AP-Con-Complex-Implicit-CrossProfile-SHACL
[2026-06-30T14:45:08+03:00] DONE 61970-600-2_Operation-AP-Con-Complex-Implicit-CrossProfile-SHACL (0.032s)
[2026-06-30T14:45:08+03:00] START 61970-600-2_Operation-AP-Con-Complex-InverseAssociation-SHACL
[2026-06-30T14:45:08+03:00] DONE 61970-600-2_Operation-AP-Con-Complex-InverseAssociation-SHACL (0.030s)
[2026-06-30T14:45:08+03:00] START 61970-600-2_Operation-AP-Con-Simple-SHACL
[2026-06-30T14:45:08+03:00] DONE 61970-600-2_Operation-AP-Con-Simple-SHACL (0.067s)
[2026-06-30T14:45:08+03:00] START 61970-600-2_ShortCircuit-AP-Con-Complex-SHACL
[2026-06-30T14:45:08+03:00] DONE 61970-600-2_ShortCircuit-AP-Con-Complex-SHACL (0.033s)
[2026-06-30T14:45:08+03:00] START 61970-600-2_ShortCircuit-AP-Con-Simple-SHACL
[2026-06-30T14:45:08+03:00] DONE 61970-600-2_ShortCircuit-AP-Con-Simple-SHACL (0.117s)
[2026-06-30T14:45:08+03:00] START 61970-600-2_StateVariables-AP-Con-Complex-InverseAssociation-SHACL
[2026-06-30T14:45:08+03:00] DONE 61970-600-2_StateVariables-AP-Con-Complex-InverseAssociation-SHACL (0.094s)
[2026-06-30T14:45:08+03:00] START 61970-600-2_StateVariables-AP-Con-Simple-SHACL
[2026-06-30T14:45:09+03:00] DONE 61970-600-2_StateVariables-AP-Con-Simple-SHACL (0.321s)
[2026-06-30T14:45:09+03:00] START 61970-600-2_SteadyStateHypothesis-AP-Con-Simple-SHACL
[2026-06-30T14:45:09+03:00] DONE 61970-600-2_SteadyStateHypothesis-AP-Con-Simple-SHACL (0.457s)
[2026-06-30T14:45:09+03:00] START 61970-600-2_Topology-AP-Con-Complex-InverseAssociation-SHACL
[2026-06-30T14:45:09+03:00] DONE 61970-600-2_Topology-AP-Con-Complex-InverseAssociation-SHACL (0.030s)
[2026-06-30T14:45:09+03:00] START 61970-600-2_Topology-AP-Con-Simple-SHACL
[2026-06-30T14:45:09+03:00] DONE 61970-600-2_Topology-AP-Con-Simple-SHACL (0.221s)
[2026-06-30T14:45:09+03:00] START 61970-600_Equipment-AP-Con-Complex-NotSolvedMAS-SHACL
[2026-06-30T14:45:10+03:00] DONE 61970-600_Equipment-AP-Con-Complex-NotSolvedMAS-SHACL (0.092s)
[2026-06-30T14:45:10+03:00] START 61970-600_Topology-AP-Con-Complex-NotSolvedMAS-SHACL
[2026-06-30T14:45:10+03:00] DONE 61970-600_Topology-AP-Con-Complex-NotSolvedMAS-SHACL (0.325s)
[2026-06-30T14:45:10+03:00] BATCH COMPLETE: 13 succeeded, 0 failed, 1 newly skipped
[2026-06-30T14:49:02+03:00] DONE 61970-301_ShortCircuit-AP-Con-Complex-SHACL (0.033s, HTTP 200)
[2026-06-30T15:07:34+03:00] START 61970-456_Topology-AP-Con-Complex-NotSolvedMAS-SHACL
[2026-06-30T15:19:31+03:00] START 61970-456_Topology-AP-Con-Complex-NotSolvedMAS-SHACL
[2026-06-30T15:23:40+03:00] START 61970-600-2_IdentifiedObjectCommon_AP-Con-Complex-SHACL
[2026-06-30T15:26:44+03:00] DONE 61970-600-2_IdentifiedObjectCommon_AP-Con-Complex-SHACL (183.918s)
[2026-06-30T15:27:46+03:00] START 61970-600-2_IdentifiedObjectCommon_AP-Con-Complex-SHACL
[2026-06-30T15:27:47+03:00] DONE 61970-600-2_IdentifiedObjectCommon_AP-Con-Complex-SHACL (0.543s)
[2026-06-30T15:34:22+03:00] FAIL 61970-456_Topology-AP-Con-Complex-NotSolvedMAS-SHACL (HTTP , 890.791s)
[2026-06-30T15:34:23+03:00] START 61970-456_Topology-AP-Con-Complex-NotSolvedMAS-SHACL
[2026-06-30T16:34:23+03:00] FAIL 61970-456_Topology-AP-Con-Complex-NotSolvedMAS-SHACL (HTTP 000, 3600.063s)
